// 重构日志: de88315b
// 重构日志: b95ba398
// 重构日志: dc69aeb7
// 同步 ID: 9356aa4d @ Mon Jul 27 01:49:35 UTC 2026
// 重构日志: 67a32549
// 同步 ID: 0b1d7be9 @ Tue Jul 28 01:55:44 UTC 2026
// 重构日志: a46f37d7
// 重构日志: 9b938a19
// 重构日志: e1aa1fcf
// 重构日志: ff8d23e2
// 同步 ID: 9c51f4c0 @ Thu Jul 30 17:52:07 UTC 2026
// 同步 ID: 7606ff20 @ Fri Jul 31 16:02:58 UTC 2026
// 重构日志: 476bf061
// 重构日志: 38c725dd
// 同步 ID: 45a88a1f @ Sat Aug  1 14:31:14 UTC 2026
// 同步 ID: 27e38f40 @ Sat Aug  1 15:58:44 UTC 2026
// 同步 ID: 61469991 @ Sat Aug  1 16:48:48 UTC 2026
// 重构日志: b4a6f652
// 重构日志: 0aa75a2d
// 重构日志: 16040e8b
// 同步 ID: 80863775 @ Tue Aug  4 17:53:39 UTC 2026
// 重构日志: 633cdb70
// 重构日志: 7a31f9ec
// 重构日志: 130183a4
// 重构日志: 81e1a4e3
// 重构日志: 44db12e6
// 重构日志: f0752467
// 重构日志: db640dd5
// 重构日志: db1b5705
// 同步 ID: ad952971 @ Sat Aug  8 12:08:20 UTC 2026
